Archive member included to satisfy reference by file (symbol)

C:/IFX_EMBEDDED_SYSTEMS/Softwares/Arm GNU Toolchain arm-none-eabi/13.2 Rel1/bin/../lib/gcc/arm-none-eabi/13.2.1/thumb/v6-m/nofp\libc_nano.a(libc_a-errno.o)
                              ./Libc_Device_Support/syscalls.o (__errno)
C:/IFX_EMBEDDED_SYSTEMS/Softwares/Arm GNU Toolchain arm-none-eabi/13.2 Rel1/bin/../lib/gcc/arm-none-eabi/13.2.1/thumb/v6-m/nofp\libc_nano.a(libc_a-init.o)
                              ./Startup/startup.o (__libc_init_array)
C:/IFX_EMBEDDED_SYSTEMS/Softwares/Arm GNU Toolchain arm-none-eabi/13.2 Rel1/bin/../lib/gcc/arm-none-eabi/13.2.1/thumb/v6-m/nofp\libc_nano.a(libc_a-impure.o)
                              C:/IFX_EMBEDDED_SYSTEMS/Softwares/Arm GNU Toolchain arm-none-eabi/13.2 Rel1/bin/../lib/gcc/arm-none-eabi/13.2.1/thumb/v6-m/nofp\libc_nano.a(libc_a-errno.o) (_impure_ptr)

Discarded input sections

 .text          0x00000000       0x36 ./Add_Source/add.o
 .data          0x00000000        0x0 ./Add_Source/add.o
 .bss           0x00000000        0x0 ./Add_Source/add.o
 .debug_info    0x00000000       0x9c ./Add_Source/add.o
 .debug_abbrev  0x00000000       0x69 ./Add_Source/add.o
 .debug_aranges
                0x00000000       0x20 ./Add_Source/add.o
 .debug_line    0x00000000       0x55 ./Add_Source/add.o
 .debug_str     0x00000000       0xb8 ./Add_Source/add.o
 .comment       0x00000000       0x45 ./Add_Source/add.o
 .debug_frame   0x00000000       0x50 ./Add_Source/add.o
 .ARM.attributes
                0x00000000       0x2c ./Add_Source/add.o
 .heap          0x00000000      0x200 ./Application_Source/main.o
 .stack         0x00000000      0x400 ./Application_Source/main.o
 .rodata        0x00000000        0x4 ./Application_Source/main.o
 .text          0x00000000        0xa ./Libc_Device_Support/malloc_support.o
 .data          0x00000000        0x0 ./Libc_Device_Support/malloc_support.o
 .bss           0x00000000        0x0 ./Libc_Device_Support/malloc_support.o
 .debug_info    0x00000000       0x39 ./Libc_Device_Support/malloc_support.o
 .debug_abbrev  0x00000000       0x2d ./Libc_Device_Support/malloc_support.o
 .debug_aranges
                0x00000000       0x20 ./Libc_Device_Support/malloc_support.o
 .debug_line    0x00000000       0x5a ./Libc_Device_Support/malloc_support.o
 .debug_str     0x00000000       0xc7 ./Libc_Device_Support/malloc_support.o
 .comment       0x00000000       0x45 ./Libc_Device_Support/malloc_support.o
 .debug_frame   0x00000000       0x2c ./Libc_Device_Support/malloc_support.o
 .ARM.attributes
                0x00000000       0x2c ./Libc_Device_Support/malloc_support.o
 .text          0x00000000        0xa ./Libc_Device_Support/printf_support.o
 .data          0x00000000        0x0 ./Libc_Device_Support/printf_support.o
 .bss           0x00000000        0x0 ./Libc_Device_Support/printf_support.o
 .debug_info    0x00000000       0x39 ./Libc_Device_Support/printf_support.o
 .debug_abbrev  0x00000000       0x2d ./Libc_Device_Support/printf_support.o
 .debug_aranges
                0x00000000       0x20 ./Libc_Device_Support/printf_support.o
 .debug_line    0x00000000       0x5a ./Libc_Device_Support/printf_support.o
 .debug_str     0x00000000       0xc7 ./Libc_Device_Support/printf_support.o
 .comment       0x00000000       0x45 ./Libc_Device_Support/printf_support.o
 .debug_frame   0x00000000       0x2c ./Libc_Device_Support/printf_support.o
 .ARM.attributes
                0x00000000       0x2c ./Libc_Device_Support/printf_support.o
 .text          0x00000000      0x254 ./Libc_Device_Support/syscalls.o
 .data          0x00000000        0x4 ./Libc_Device_Support/syscalls.o
 .bss           0x00000000        0x8 ./Libc_Device_Support/syscalls.o
 .debug_info    0x00000000      0x711 ./Libc_Device_Support/syscalls.o
 .debug_abbrev  0x00000000      0x1c8 ./Libc_Device_Support/syscalls.o
 .debug_aranges
                0x00000000       0x20 ./Libc_Device_Support/syscalls.o
 .debug_line    0x00000000      0x2b5 ./Libc_Device_Support/syscalls.o
 .debug_str     0x00000000      0x3e2 ./Libc_Device_Support/syscalls.o
 .comment       0x00000000       0x45 ./Libc_Device_Support/syscalls.o
 .debug_frame   0x00000000      0x264 ./Libc_Device_Support/syscalls.o
 .ARM.attributes
                0x00000000       0x2c ./Libc_Device_Support/syscalls.o
 .text          0x00000000       0x14 ./Special_Libraries/dsplib.o
 .data          0x00000000        0x0 ./Special_Libraries/dsplib.o
 .bss           0x00000000        0x0 ./Special_Libraries/dsplib.o
 .debug_info    0x00000000       0x47 ./Special_Libraries/dsplib.o
 .debug_abbrev  0x00000000       0x2f ./Special_Libraries/dsplib.o
 .debug_aranges
                0x00000000       0x20 ./Special_Libraries/dsplib.o
 .debug_line    0x00000000       0x56 ./Special_Libraries/dsplib.o
 .debug_str     0x00000000       0xc0 ./Special_Libraries/dsplib.o
 .comment       0x00000000       0x45 ./Special_Libraries/dsplib.o
 .debug_frame   0x00000000       0x48 ./Special_Libraries/dsplib.o
 .ARM.attributes
                0x00000000       0x2c ./Special_Libraries/dsplib.o
 .text          0x00000000       0x54 ./Special_Libraries/reset.o
 .data          0x00000000        0x0 ./Special_Libraries/reset.o
 .bss           0x00000000        0x0 ./Special_Libraries/reset.o
 .debug_info    0x00000000       0xd0 ./Special_Libraries/reset.o
 .debug_abbrev  0x00000000       0x91 ./Special_Libraries/reset.o
 .debug_aranges
                0x00000000       0x20 ./Special_Libraries/reset.o
 .debug_line    0x00000000      0x169 ./Special_Libraries/reset.o
 .debug_str     0x00000000      0x17f ./Special_Libraries/reset.o
 .comment       0x00000000       0x45 ./Special_Libraries/reset.o
 .debug_frame   0x00000000       0x4c ./Special_Libraries/reset.o
 .ARM.attributes
                0x00000000       0x2c ./Special_Libraries/reset.o
 .data          0x00000000        0x0 ./Startup/startup.o
 .bss           0x00000000        0x0 ./Startup/startup.o
 .text          0x00000000        0x0 C:/IFX_EMBEDDED_SYSTEMS/Softwares/Arm GNU Toolchain arm-none-eabi/13.2 Rel1/bin/../lib/gcc/arm-none-eabi/13.2.1/thumb/v6-m/nofp\libc_nano.a(libc_a-errno.o)
 .data          0x00000000        0x0 C:/IFX_EMBEDDED_SYSTEMS/Softwares/Arm GNU Toolchain arm-none-eabi/13.2 Rel1/bin/../lib/gcc/arm-none-eabi/13.2.1/thumb/v6-m/nofp\libc_nano.a(libc_a-errno.o)
 .bss           0x00000000        0x0 C:/IFX_EMBEDDED_SYSTEMS/Softwares/Arm GNU Toolchain arm-none-eabi/13.2 Rel1/bin/../lib/gcc/arm-none-eabi/13.2.1/thumb/v6-m/nofp\libc_nano.a(libc_a-errno.o)
 .text.__errno  0x00000000        0xc C:/IFX_EMBEDDED_SYSTEMS/Softwares/Arm GNU Toolchain arm-none-eabi/13.2 Rel1/bin/../lib/gcc/arm-none-eabi/13.2.1/thumb/v6-m/nofp\libc_nano.a(libc_a-errno.o)
 .debug_frame   0x00000000       0x20 C:/IFX_EMBEDDED_SYSTEMS/Softwares/Arm GNU Toolchain arm-none-eabi/13.2 Rel1/bin/../lib/gcc/arm-none-eabi/13.2.1/thumb/v6-m/nofp\libc_nano.a(libc_a-errno.o)
 .ARM.attributes
                0x00000000       0x2c C:/IFX_EMBEDDED_SYSTEMS/Softwares/Arm GNU Toolchain arm-none-eabi/13.2 Rel1/bin/../lib/gcc/arm-none-eabi/13.2.1/thumb/v6-m/nofp\libc_nano.a(libc_a-errno.o)
 .text          0x00000000        0x0 C:/IFX_EMBEDDED_SYSTEMS/Softwares/Arm GNU Toolchain arm-none-eabi/13.2 Rel1/bin/../lib/gcc/arm-none-eabi/13.2.1/thumb/v6-m/nofp\libc_nano.a(libc_a-init.o)
 .data          0x00000000        0x0 C:/IFX_EMBEDDED_SYSTEMS/Softwares/Arm GNU Toolchain arm-none-eabi/13.2 Rel1/bin/../lib/gcc/arm-none-eabi/13.2.1/thumb/v6-m/nofp\libc_nano.a(libc_a-init.o)
 .bss           0x00000000        0x0 C:/IFX_EMBEDDED_SYSTEMS/Softwares/Arm GNU Toolchain arm-none-eabi/13.2 Rel1/bin/../lib/gcc/arm-none-eabi/13.2.1/thumb/v6-m/nofp\libc_nano.a(libc_a-init.o)
 .text          0x00000000        0x0 C:/IFX_EMBEDDED_SYSTEMS/Softwares/Arm GNU Toolchain arm-none-eabi/13.2 Rel1/bin/../lib/gcc/arm-none-eabi/13.2.1/thumb/v6-m/nofp\libc_nano.a(libc_a-impure.o)
 .data          0x00000000        0x0 C:/IFX_EMBEDDED_SYSTEMS/Softwares/Arm GNU Toolchain arm-none-eabi/13.2 Rel1/bin/../lib/gcc/arm-none-eabi/13.2.1/thumb/v6-m/nofp\libc_nano.a(libc_a-impure.o)
 .bss           0x00000000        0x0 C:/IFX_EMBEDDED_SYSTEMS/Softwares/Arm GNU Toolchain arm-none-eabi/13.2 Rel1/bin/../lib/gcc/arm-none-eabi/13.2.1/thumb/v6-m/nofp\libc_nano.a(libc_a-impure.o)
 .data._impure_ptr
                0x00000000        0x4 C:/IFX_EMBEDDED_SYSTEMS/Softwares/Arm GNU Toolchain arm-none-eabi/13.2 Rel1/bin/../lib/gcc/arm-none-eabi/13.2.1/thumb/v6-m/nofp\libc_nano.a(libc_a-impure.o)
 .data._impure_data
                0x00000000       0x4c C:/IFX_EMBEDDED_SYSTEMS/Softwares/Arm GNU Toolchain arm-none-eabi/13.2 Rel1/bin/../lib/gcc/arm-none-eabi/13.2.1/thumb/v6-m/nofp\libc_nano.a(libc_a-impure.o)
 .ARM.attributes
                0x00000000       0x2c C:/IFX_EMBEDDED_SYSTEMS/Softwares/Arm GNU Toolchain arm-none-eabi/13.2 Rel1/bin/../lib/gcc/arm-none-eabi/13.2.1/thumb/v6-m/nofp\libc_nano.a(libc_a-impure.o)

Memory Configuration

Name             Origin             Length             Attributes
FLASH            0x00000000         0x00003000         xr
RAM              0x20000000         0x00004000         xrw
TEJAS            0x00003000         0x0001d000         xr
*default*        0x00000000         0xffffffff

Linker script and memory map

LOAD ./Add_Source/add.o
LOAD ./Application_Source/main.o
LOAD ./Libc_Device_Support/malloc_support.o
LOAD ./Libc_Device_Support/printf_support.o
LOAD ./Libc_Device_Support/syscalls.o
LOAD ./Special_Libraries/dsplib.o
LOAD ./Special_Libraries/reset.o
LOAD ./Startup/startup.o
START GROUP
LOAD C:/IFX_EMBEDDED_SYSTEMS/Softwares/Arm GNU Toolchain arm-none-eabi/13.2 Rel1/bin/../lib/gcc/arm-none-eabi/13.2.1/thumb/v6-m/nofp\libgcc.a
LOAD C:/IFX_EMBEDDED_SYSTEMS/Softwares/Arm GNU Toolchain arm-none-eabi/13.2 Rel1/bin/../lib/gcc/arm-none-eabi/13.2.1/thumb/v6-m/nofp\libc_nano.a
END GROUP
START GROUP
LOAD C:/IFX_EMBEDDED_SYSTEMS/Softwares/Arm GNU Toolchain arm-none-eabi/13.2 Rel1/bin/../lib/gcc/arm-none-eabi/13.2.1/thumb/v6-m/nofp\libgcc.a
LOAD C:/IFX_EMBEDDED_SYSTEMS/Softwares/Arm GNU Toolchain arm-none-eabi/13.2 Rel1/bin/../lib/gcc/arm-none-eabi/13.2.1/thumb/v6-m/nofp\libc_nano.a
LOAD C:/IFX_EMBEDDED_SYSTEMS/Softwares/Arm GNU Toolchain arm-none-eabi/13.2 Rel1/bin/../lib/gcc/arm-none-eabi/13.2.1/thumb/v6-m/nofp\libnosys.a
END GROUP
START GROUP
LOAD C:/IFX_EMBEDDED_SYSTEMS/Softwares/Arm GNU Toolchain arm-none-eabi/13.2 Rel1/bin/../lib/gcc/arm-none-eabi/13.2.1/thumb/v6-m/nofp\libgcc.a
LOAD C:/IFX_EMBEDDED_SYSTEMS/Softwares/Arm GNU Toolchain arm-none-eabi/13.2 Rel1/bin/../lib/gcc/arm-none-eabi/13.2.1/thumb/v6-m/nofp\libc_nano.a
LOAD C:/IFX_EMBEDDED_SYSTEMS/Softwares/Arm GNU Toolchain arm-none-eabi/13.2 Rel1/bin/../lib/gcc/arm-none-eabi/13.2.1/thumb/v6-m/nofp\libnosys.a
END GROUP
                0x00000000                        __FLASH_START = 0x0
                0x00003000                        __FLASH_SIZE = 0x3000
                0x00003000                        __TEJAS_START = 0x3000
                0x0001d000                        __TEJAS_SIZE = 0x1d000
                0x20000000                        __RAM_START = 0x20000000
                0x00004000                        __RAM_SIZE = 0x4000
                0x00001000                        __STACK_SIZE = 0x1000
                0x00000200                        __HEAP_SIZE = 0x200
                0x20004000                        __STACK_START = (__RAM_START + __RAM_SIZE)
                0x20003000                        __STACK_END = (__STACK_START - __STACK_SIZE)
                0x20002e00                        __HEAP_START = (__STACK_END - __HEAP_SIZE)
                0x20003000                        __HEAP_END = __STACK_END

.text           0x00000000      0x2cc
 *(.isr_vector)
 .isr_vector    0x00000000       0xc0 ./Startup/startup.o
                0x00000000                vector
 *(.text*)
 .text          0x000000c0       0xd0 ./Application_Source/main.o
                0x000000c0                main
                0x00000154                Delay
 .text          0x00000190       0xf4 ./Startup/startup.o
                0x00000190                _init
                0x0000019a                Reset_handler
                0x00000274                tcpwm_interrupts_7_IRQHandler
                0x00000274                pass_0_interrupt_sar_IRQHandler
                0x00000274                SysTick_Handler
                0x00000274                PendSV_Handler
                0x00000274                NMI_Handler
                0x00000274                ioss_interrupts_gpio_1_IRQHandler
                0x00000274                cpuss_interrupt_dma_IRQHandler
                0x00000274                scb_4_interrupt_IRQHandler
                0x00000274                ioss_interrupts_gpio_2_IRQHandler
                0x00000274                can_interrupt_can_IRQHandler
                0x00000274                tcpwm_interrupts_4_IRQHandler
                0x00000274                cpuss_interrupt_spcif_IRQHandler
                0x00000274                scb_0_interrupt_IRQHandler
                0x00000274                tcpwm_interrupts_3_IRQHandler
                0x00000274                csd_interrupt_IRQHandler
                0x00000274                tcpwm_interrupts_1_IRQHandler
                0x00000274                lpcomp_interrupt_IRQHandler
                0x00000274                crypto_interrupt_IRQHandler
                0x00000274                tcpwm_interrupts_6_IRQHandler
                0x00000274                ioss_interrupt_gpio_IRQHandler
                0x00000274                scb_2_interrupt_IRQHandler
                0x00000274                scb_1_interrupt_IRQHandler
                0x00000274                Default_Handler
                0x00000274                scb_3_interrupt_IRQHandler
                0x00000274                ioss_interrupts_gpio_3_IRQHandler
                0x00000274                ioss_interrupts_gpio_0_IRQHandler
                0x00000274                tcpwm_interrupts_0_IRQHandler
                0x00000274                SVC_Handler
                0x00000274                tcpwm_interrupts_2_IRQHandler
                0x00000274                tcpwm_interrupts_5_IRQHandler
                0x00000274                srss_interrupt_wdt_IRQHandler
                0x00000274                pass_0_interrupt_ctbs_IRQHandler
                0x00000274                wco_interrupt_IRQHandler
                0x0000027c                HRDFLT_Handler
                0x0000027c                HardFault_Handler
 .text.__libc_init_array
                0x00000284       0x48 C:/IFX_EMBEDDED_SYSTEMS/Softwares/Arm GNU Toolchain arm-none-eabi/13.2 Rel1/bin/../lib/gcc/arm-none-eabi/13.2.1/thumb/v6-m/nofp\libc_nano.a(libc_a-init.o)
                0x00000284                __libc_init_array
 *(.init*)
 *(.fini*)
                0x000002cc                        . = ALIGN (0x4)
 *(.rodata .rodata.*)
                0x000002cc                        . = ALIGN (0x4)
                0x000002cc                        __etext = .
                0x000002cc                        _la_data = LOADADDR (.data)

.glue_7         0x000002cc        0x0
 .glue_7        0x000002cc        0x0 linker stubs

.glue_7t        0x000002cc        0x0
 .glue_7t       0x000002cc        0x0 linker stubs

.vfp11_veneer   0x000002cc        0x0
 .vfp11_veneer  0x000002cc        0x0 linker stubs

.v4_bx          0x000002cc        0x0
 .v4_bx         0x000002cc        0x0 linker stubs

.iplt           0x000002cc        0x0
 .iplt          0x000002cc        0x0 ./Application_Source/main.o

.rel.dyn        0x000002cc        0x0
 .rel.iplt      0x000002cc        0x0 ./Application_Source/main.o

.data           0x20000000        0x4 load address 0x000002cc
                0x20000000                        __data_start = .
 *(.data*)
 .data          0x20000000        0x4 ./Application_Source/main.o
                0x20000000                var1
                0x20000004                        . = ALIGN (0x4)
                0x20000004                        __data_end = .

.igot.plt       0x20000004        0x0 load address 0x000002d0
 .igot.plt      0x20000004        0x0 ./Application_Source/main.o

.bss            0x20000004       0x10 load address 0x000002d0
                0x20000004                        __bss_start__ = .
 *(.bss)
 .bss           0x20000004       0x10 ./Application_Source/main.o
                0x20000004                x
                0x20000008                var2
                0x2000000c                var6
                0x20000010                verify_custom
 *(.bss.*)
 *(COMMON)
                0x20000014                        . = ALIGN (0x4)
                0x20000014                        __bss_end__ = .
                0x20000014                        . = ALIGN (0x4)
                0x20000014                        end = .
                0x20000014                        __end__ = .
                0x00003000                        __la_custom__ = LOADADDR (.custom_constellation)

.custom_constellation
                0x20000014       0x14 load address 0x00003000
                0x20000014                        __custom_start__ = .
 *(.cosmic_constellation)
 .cosmic_constellation
                0x20000014       0x14 ./Application_Source/main.o
                0x20000014                custom_array
                0x20000028                        . = ALIGN (0x4)
                0x20000028                        __custom_end__ = .

Heap            0x20000028     0x2dd8 load address 0x00003014
                0x20002e00                        . = ABSOLUTE (__HEAP_START)
 *fill*         0x20000028     0x2dd8 
 *(.heap)
                0x20002e00                        . = ALIGN (0x4)

Stack           0x20002e00      0x200 load address 0x00003014
                0x20003000                        . = ABSOLUTE (__STACK_END)
 *fill*         0x20002e00      0x200 
 *(.stack)
OUTPUT(bin/BareMetal.elf elf32-littlearm)
LOAD linker stubs

.debug_info     0x00000000      0x3e4
 .debug_info    0x00000000      0x20e ./Application_Source/main.o
 .debug_info    0x0000020e      0x1d6 ./Startup/startup.o

.debug_abbrev   0x00000000      0x220
 .debug_abbrev  0x00000000      0x107 ./Application_Source/main.o
 .debug_abbrev  0x00000107      0x119 ./Startup/startup.o

.debug_aranges  0x00000000       0x40
 .debug_aranges
                0x00000000       0x20 ./Application_Source/main.o
 .debug_aranges
                0x00000020       0x20 ./Startup/startup.o

.debug_line     0x00000000      0x39b
 .debug_line    0x00000000      0x1ca ./Application_Source/main.o
 .debug_line    0x000001ca      0x1d1 ./Startup/startup.o

.debug_str      0x00000000      0x250
 .debug_str     0x00000000      0x250 ./Application_Source/main.o
                                0x1bc (size before relaxing)
 .debug_str     0x00000250      0x208 ./Startup/startup.o

.comment        0x00000000       0x44
 .comment       0x00000000       0x44 ./Application_Source/main.o
                                 0x45 (size before relaxing)
 .comment       0x00000044       0x45 ./Startup/startup.o

.ARM.attributes
                0x00000000       0x2c
 .ARM.attributes
                0x00000000       0x2c ./Application_Source/main.o
 .ARM.attributes
                0x0000002c       0x2c ./Startup/startup.o
 .ARM.attributes
                0x00000058       0x2c C:/IFX_EMBEDDED_SYSTEMS/Softwares/Arm GNU Toolchain arm-none-eabi/13.2 Rel1/bin/../lib/gcc/arm-none-eabi/13.2.1/thumb/v6-m/nofp\libc_nano.a(libc_a-init.o)

.debug_frame    0x00000000      0x100
 .debug_frame   0x00000000       0x50 ./Application_Source/main.o
 .debug_frame   0x00000050       0x84 ./Startup/startup.o
 .debug_frame   0x000000d4       0x2c C:/IFX_EMBEDDED_SYSTEMS/Softwares/Arm GNU Toolchain arm-none-eabi/13.2 Rel1/bin/../lib/gcc/arm-none-eabi/13.2.1/thumb/v6-m/nofp\libc_nano.a(libc_a-init.o)
